// Jest Snapshot v1, https://goo.gl/fbAQLP

exports[`withGracefulUnmount renders the wrapped component 1`] = `
<div
  className="hello-jest"
>
  Hello Jest!
</div>
`;
